// Jest Snapshot v1, https://goo.gl/fbAQLP

exports[`MainForm should render correctly 1`] = `
<Login
  onChange={[Function]}
/>
`;
