// Jest Snapshot v1, https://goo.gl/fbAQLP

exports[`Header should render correctly 1`] = `
<div
  className="home__header z-10 relative xl:h-32 lg:h-24 h-20 m-auto flex justify-between items-center md:py-7 py-5"
  id="login-header"
>
  <div
    className="home__header__logo w-52 px-5 cursor-pointer"
  >
    <img
      alt="logo"
      src="test-file-stub"
    />
  </div>
  <div
    className="home__header__right flex items-center text-white text-base justify-start mr-4"
  >
    <div
      className="home__header__right__cart w-8 bg-gray-600 h-8 flex justify-center items-center cursor-pointer"
    >
      <img
        alt="shopping-cart"
        className="w-4/6"
        src="test-file-stub"
      />
    </div>
    <div
      className="home__header__right__login mx-4 cursor-pointer"
    >
      <CountrySelector />
    </div>
    <div
      className="home__header__right__slider-button cursor-pointer relative"
      onClick={[Function]}
    >
      <div
        className="home__header__right__slider-button__bar-1"
      >
        <span>
          .
        </span>
      </div>
      <div
        className="home__header__right__slider-button__bar-2"
      >
        <span>
          .
        </span>
      </div>
      <div
        className="home__header__right__slider-button__bar-3"
      >
        <span>
          .
        </span>
      </div>
    </div>
  </div>
</div>
`;
